scratch: C:\Users\andre\zvb\zv_paper_1etmiq_g
== storage ==
  storage points       N=    1,000  (1,000 verts, 1,000 objects)
  storage points       N=   10,000  (10,000 verts, 10,000 objects)
  storage points       N=  100,000  (100,000 verts, 100,000 objects)
  storage streamlines  N=    1,000  (972 verts, 83 objects)
  storage streamlines  N=   10,000  (9,720 verts, 833 objects)
  storage streamlines  N=  100,000  (95,747 verts, 8,333 objects)
  storage skeletons    N=    1,000  (1,003 verts, 5 objects)
  storage skeletons    N=   10,000  (9,813 verts, 50 objects)
  storage skeletons    N=  100,000  (100,678 verts, 500 objects)
  storage graphs       N=    1,000  (1,000 verts, 1,000 objects)
  storage graphs       N=   10,000  (10,000 verts, 10,000 objects)
  storage graphs       N=  100,000  (100,000 verts, 100,000 objects)
  storage meshes       N=    1,000  (864 verts, 6 objects)
  storage meshes       N=   10,000  (9,936 verts, 69 objects)
  storage meshes       N=  100,000  (99,936 verts, 694 objects)
== bulk + per-object timing ==
  timing  points       N=    1,000  (1,000 verts, 1,000 objects)
  timing  points       N=   10,000  (10,000 verts, 10,000 objects)
  timing  points       N=  100,000  (100,000 verts, 100,000 objects)
  timing  streamlines  N=    1,000  (972 verts, 83 objects)
  timing  streamlines  N=   10,000  (9,720 verts, 833 objects)
  timing  streamlines  N=  100,000  (95,747 verts, 8,333 objects)
  timing  meshes       N=    1,000  (864 verts, 6 objects)
  timing  meshes       N=   10,000  (9,936 verts, 69 objects)
  timing  meshes       N=  100,000  (99,936 verts, 694 objects)
